----------------------------------------------------------------------------------------------------------
      name:  <unnamed>
       log:  /Users/todd/Documents/GitHub/ags_capital_vs_output/output/logs/plants_negative_prices.txt
  log type:  text
 opened on:   9 Jul 2019, 13:11:29

. ********************************************************************************
. 
. use $repodir/generated_data/panel_reg_data, clear

. keep if insample_covars
(32,194 observations deleted)

. 
. clonevar date = ymdate

. xi i.state i.windclass_eia i.date i.nercnum i.off_cat_num ///
>         i.ott i.iso_rto_code i.entnum, prefix(_D) noomit

. drop  _Ddate_659 // drop same period in each reg

. drop if age == 0 // output could be for partial month at time 0
(512 observations deleted)

. replace log_netgen = log(netgen + 1)
(33,883 real changes made)

. gen log_ptnl_output_adj = log(ptnl_output_adj)

. lab var log_ptnl_output_adj "log(Potential Output)"

. lab var ptnl_cf_adj "Potential Capacity Factor"

. lab var design_windspeed_eia "Design Wind Speed"

. 
. drop if year < 2011
(12,159 observations deleted)

. keep if flag_in_lmp == 1 & in_iso_rto== 1
(8,086 observations deleted)

. 
. save regdat, replace
(note: file regdat.dta not found)
file regdat.dta saved

. 
. use regdat, clear

. xtset facilityid ymdate
       panel variable:  facilityid (unbalanced)
        time variable:  ymdate, 2011m1 to 2014m12
                delta:  1 month

. 
. gen frac0_1603 = flag_1603 * frac0

. 
. label var frac0 "Share $<$ 0"

. label var frac0_1603    "Share $<$ 0 - 1603 Grant"

. 
. eststo clear

. 
. sum capacity_factor if flag_1603 == 1

    Variable |        Obs        Mean    Std. Dev.       Min        Max
-------------+---------------------------------------------------------
capacity_f~r |      4,485    30.11657    12.23674          0   67.18815

. local tv = trim("`: display %10.2fc `r(mean)''")

. di `tv'
30.12

. 
. qui: eststo: xtreg capacity_factor  _Dd* ptnl_cf_adj windvar /// 
>         frac0 frac0_1603, fe cluster(facilityid)

. estadd local my = `tv'

added macro:
                 e(my) : "30.12"

. 
. esttab, keep(frac0 frac0_1603 ptnl_cf_adj windvar) /// 
>                 order(frac0 frac0_1603 ptnl_cf_adj windvar)     ///
>                 s(my r2_a N, ///
>                 label("Mean(Y) - 1603 Grant" "R-sq." "N")) ///
>                 se noconstant nonumbers label star(* 0.10 ** 0.05 *** 0.01)

------------------------------------
                     Capacity F~r   
------------------------------------
Share $<$ 0                0.0566** 
                         (0.0228)   

Share $<$ 0 - 1603~t       -0.289***
                         (0.0636)   

Potential Capacity~r        0.764***
                         (0.0360)   

Var(Wind Speed)            -0.488***
                         (0.0876)   
------------------------------------
Mean(Y) - 1603 Grant        30.12   
R-sq.                       0.700   
N                           13638   
------------------------------------
Standard errors in parentheses
* p<0.10, ** p<0.05, *** p<0.01

. 
. *EXPORT TABLE
. esttab using "$outdir/tables/frac0_1603reg.tex", replace ///
>                 keep(frac0 frac0_1603) /// 
>                 order(frac0 frac0_1603) ///
>                 s(my r2_a N, ///
>                 label("Mean(Y) - 1603 Grant" "R-sq." "N")) ///
>                 nonotes compress booktabs b(a2) label se nonumbers
(output written to /Users/todd/Documents/GitHub/ags_capital_vs_output/output/tables/frac0_1603reg.tex)

.                 
. 
. ********************************************************************************
. * CREATE A TABLE WITH NEGATIVE PRICE CORRECTIONS 
. ************************************************************
.                 
. eststo clear

. 
. *IV estimate
. estimates use  "$outdir/estimates/rd_main_spec.ster" 

.         eststo
(est1 stored)

.         estadd local regtype "IV", replace

added macro:
            e(regtype) : "IV"

.         estadd local negative "No", replace

added macro:
           e(negative) : "No"

.         
. estimates use  "$outdir/estimates/rd_robust_fracLMP" 

.         eststo
(est2 stored)

.         estadd local regtype "IV", replace

added macro:
            e(regtype) : "IV"

.         estadd local negative "Yes", replace

added macro:
           e(negative) : "Yes"

. 
. *Matching estimate
. estimates use  "$outdir/estimates/match_main_spec.ster" 

.         eststo
(est3 stored)

.         estadd local regtype "Match", replace

added macro:
            e(regtype) : "Match"

.         estadd local negative "No", replace

added macro:
           e(negative) : "No"

.         
. estimates use  "$outdir/estimates/match_robust_fracLMP.ster" 

.         eststo
(est4 stored)

.         estadd local regtype "Match", replace

added macro:
            e(regtype) : "Match"

.         estadd local negative "Yes", replace

added macro:
           e(negative) : "Yes"

. 
. esttab , ///
>         se noconstant label star(* 0.10 ** 0.05 *** 0.01) ///
>         keep(*1603) ///
>         s(regtype negative N, ///
>                 label("Estimator" "Negative Price Adjustment" "N")) ///
>         nomtitles

------------------------------------------------------------------------------------
                              (1)             (2)             (3)             (4)   
------------------------------------------------------------------------------------
1603 Grant                 -2.893**        -2.542          -3.716***       -2.184** 
                          (1.238)         (1.769)         (1.033)         (1.099)   
------------------------------------------------------------------------------------
Estimator                      IV              IV           Match           Match   
Negative Price Adj~t           No             Yes              No             Yes   
N                            8752            6336           10106            7054   
------------------------------------------------------------------------------------
Standard errors in parentheses
* p<0.10, ** p<0.05, *** p<0.01

. 
. esttab using "$outdir/tables/regs_negative_prices.tex", ///
>         se noconstant label star(* 0.10 ** 0.05 *** 0.01) replace  ///
>         keep(*1603) ///
>         s(regtype negative N, ///
>                 label("Estimator" "Negative Price Adjustment" "N")) ///
>         nomtitles booktabs nonotes
(output written to /Users/todd/Documents/GitHub/ags_capital_vs_output/output/tables/regs_negative_prices.t
> ex)

.         
. ********************************************************************************
. tempsetup
/Users/todd/Documents/GitHub/ags_capital_vs_output/temp

. capture log close
